// Jest Snapshot v1, https://goo.gl/fbAQLP

exports[`<FeaturePage /> should render its heading 1`] = `
<div>
  <div
    class="undefined"
  >
    <h1
      class="u-upperCase u-marginNo"
    >
      <span>
        Features
      </span>
    </h1>
    <div
      class="undefined"
    />
  </div>
  <div
    class="undefined"
  >
    <h3
      class="u-upperCase u-marginNo"
    >
      <span>
        Quick scaffolding
      </span>
    </h3>
    <p>
      <span>
        Automate the creation of components, containers, routes, selectors
  and sagas - and their tests - right from the CLI!
      </span>
    </p>
  </div>
  <div
    class="undefined"
  >
    <h3
      class="u-upperCase u-marginNo"
    >
      <span>
        Instant feedback
      </span>
    </h3>
    <p>
      <span>
        
      Enjoy the best DX and code your app at the speed of thought! Your
    saved changes to the CSS and JS are reflected instantaneously
    without refreshing the page. Preserve application state even when
    you update something in the underlying code!
    
      </span>
    </p>
  </div>
  <div
    class="undefined"
  >
    <h3
      class="u-upperCase u-marginNo"
    >
      <span>
        Industry-standard routing
      </span>
    </h3>
    <p>
      <span>
        
      Write composable CSS that's co-located with your components for
    complete modularity. Unique generated class names keep the
    specificity low while eliminating style clashes. Ship only the
    styles that are on the page for the best performance.
    
      </span>
    </p>
  </div>
  <div
    class="undefined"
  >
    <h3
      class="u-upperCase u-marginNo"
    >
      <span>
        Offline-first
      </span>
    </h3>
    <p>
      <span>
        
      The next frontier in performant web apps: availability without a
      network connection from the instant your users load the app.
    
      </span>
    </p>
  </div>
  <div
    class="undefined"
  >
    <h3
      class="u-upperCase u-marginNo"
    >
      <span>
        Complete i18n Standard Internationalization & Pluralization
      </span>
    </h3>
    <p>
      <span>
        Scalable apps need to support multiple languages, easily add and support multiple languages with \`react-intl\`.
      </span>
    </p>
  </div>
</div>
`;
